
| Title         | Author        | Publisher |  Pages  |  ISBN  |  Price  |
| ------------- | ------------- | --------- | ------- | ------ | ------- |
