
| Title         | Author        | Publisher |  Pages  |  ISBN  |  Price  |
| ------------- | ------------- | --------- | ------- | ------ | ------- |
|  The Da Vinci Code  |  Dan Brown  |  Corgi  |  592  |  978-0552161275  |  7  |
|  American on Purpose  |  Craig Ferguson  |  Harper Collins  |  288  |  978-0061959158  |  19  |
